/home/ubuntu/.local/lib/python3.10/site-packages/pydantic/_internal/_generate_schema.py:2249: UnsupportedFieldAttributeWarning: The 'repr' attribute with value False was provided to the `Field()` function, which has no effect in the context it was used. 'repr' is field-specific metadata, and can only be attached to a model field using `Annotated` metadata or by assignment. This may have happened because an `Annotated` type alias using the `type` statement was used, or if the `Field()` function was attached to a single member of a union type.
  warnings.warn(
/home/ubuntu/.local/lib/python3.10/site-packages/pydantic/_internal/_generate_schema.py:2249: UnsupportedFieldAttributeWarning: The 'frozen' attribute with value True was provided to the `Field()` function, which has no effect in the context it was used. 'frozen' is field-specific metadata, and can only be attached to a model field using `Annotated` metadata or by assignment. This may have happened because an `Annotated` type alias using the `type` statement was used, or if the `Field()` function was attached to a single member of a union type.
  warnings.warn(
2026-01-25 16:16:18.142931: I tensorflow/core/platform/cpu_feature_guard.cc:210] This TensorFlow binary is optimized to use available CPU instructions in performance-critical operations.
To enable the following instructions: AVX2 FMA, in other operations, rebuild TensorFlow with the appropriate compiler flags.
/home/ubuntu/.local/lib/python3.10/site-packages/matplotlib/projections/__init__.py:63: UserWarning: Unable to import Axes3D. This may be due to multiple versions of Matplotlib being installed (e.g. as a system package and as a pip package). As a result, the 3D projection is not available.
  warnings.warn("Unable to import Axes3D. This may be due to multiple versions of "
✅ SafetyNetConfig initialized for gemma
✅ data_path: safetynet/utils/data/gemma
Setting up gemma model...
⚠️ Could not determine qk_dim from files: list index out of range. Using default 50*50.
✅ Completed model config
Loading model...🦾🔥
⚠️ Could not determine qk_dim from files: list index out of range. Using default 50*50.
✅ Completed model config
google/gemma-7b-it
Traceback (most recent call last):
  File "/home/ubuntu/.local/lib/python3.10/site-packages/transformers/utils/hub.py", line 479, in cached_files
    hf_hub_download(
  File "/home/ubuntu/.local/lib/python3.10/site-packages/huggingface_hub/utils/_validators.py", line 114, in _inner_fn
    return fn(*args, **kwargs)
  File "/home/ubuntu/.local/lib/python3.10/site-packages/huggingface_hub/file_download.py", line 1010, in hf_hub_download
    return _hf_hub_download_to_cache_dir(
  File "/home/ubuntu/.local/lib/python3.10/site-packages/huggingface_hub/file_download.py", line 1117, in _hf_hub_download_to_cache_dir
    _raise_on_head_call_error(head_call_error, force_download, local_files_only)
  File "/home/ubuntu/.local/lib/python3.10/site-packages/huggingface_hub/file_download.py", line 1649, in _raise_on_head_call_error
    raise LocalEntryNotFoundError(
huggingface_hub.errors.LocalEntryNotFoundError: Cannot find the requested files in the disk cache and outgoing traffic has been disabled. To enable hf.co look-ups and downloads online, set 'local_files_only' to False.

The above exception was the direct cause of the following exception:

Traceback (most recent call last):
  File "/usr/lib/python3.10/runpy.py", line 196, in _run_module_as_main
    return _run_code(code, main_globals, None,
  File "/usr/lib/python3.10/runpy.py", line 86, in _run_code
    exec(code, run_globals)
  File "/home/ubuntu/safetynet/utils/attn_store.py", line 163, in <module>
    results = saving_attn(model_name=args.model,
  File "/home/ubuntu/safetynet/utils/attn_store.py", line 84, in saving_attn
    inference = Inference(model_name, model_type, proxy, config, args.dataset)
  File "/home/ubuntu/safetynet/utils/attn_store.py", line 14, in __init__
    self.manager.load_all()
  File "/home/ubuntu/safetynet/src/models/model_factory.py", line 107, in load_all
    self.tokenizer = self.factory.create_tokenizer(self.model_name, self.dataset)
  File "/home/ubuntu/safetynet/src/models/model_factory.py", line 13, in create_tokenizer
    tokenizer = AutoTokenizer.from_pretrained(
  File "/home/ubuntu/.local/lib/python3.10/site-packages/transformers/models/auto/tokenization_auto.py", line 1069, in from_pretrained
    config = AutoConfig.from_pretrained(
  File "/home/ubuntu/.local/lib/python3.10/site-packages/transformers/models/auto/configuration_auto.py", line 1250, in from_pretrained
    config_dict, unused_kwargs = PretrainedConfig.get_config_dict(pretrained_model_name_or_path, **kwargs)
  File "/home/ubuntu/.local/lib/python3.10/site-packages/transformers/configuration_utils.py", line 649, in get_config_dict
    config_dict, kwargs = cls._get_config_dict(pretrained_model_name_or_path, **kwargs)
  File "/home/ubuntu/.local/lib/python3.10/site-packages/transformers/configuration_utils.py", line 708, in _get_config_dict
    resolved_config_file = cached_file(
  File "/home/ubuntu/.local/lib/python3.10/site-packages/transformers/utils/hub.py", line 321, in cached_file
    file = cached_files(path_or_repo_id=path_or_repo_id, filenames=[filename], **kwargs)
  File "/home/ubuntu/.local/lib/python3.10/site-packages/transformers/utils/hub.py", line 553, in cached_files
    raise OSError(
OSError: We couldn't connect to 'https://huggingface.co' to load the files, and couldn't find them in the cached files.
Check your internet connection or see how to run the library in offline mode at 'https://huggingface.co/docs/transformers/installation#offline-mode'.
