Setting up gemma model...
✅ Completed model config
Loading model...🦾🔥
✅ Completed model config
✅ Completed model config
Loading checkpoint shards:   0%|          | 0/4 [00:00<?, ?it/s]Loading checkpoint shards:  25%|██▌       | 1/4 [00:01<00:03,  1.20s/it]Loading checkpoint shards:  50%|█████     | 2/4 [00:02<00:02,  1.19s/it]Loading checkpoint shards:  75%|███████▌  | 3/4 [00:03<00:01,  1.17s/it]Loading checkpoint shards: 100%|██████████| 4/4 [00:04<00:00,  1.11it/s]Loading checkpoint shards: 100%|██████████| 4/4 [00:04<00:00,  1.00s/it]
✅ Completed model config
Loading dataset...
  0%|          | 0/3 [00:00<?, ?it/s] 33%|███▎      | 1/3 [00:45<01:31, 45.75s/it] 67%|██████▋   | 2/3 [00:46<00:19, 19.19s/it]100%|██████████| 3/3 [00:46<00:00, 15.46s/it]
Optimal range: [62, 72) - 28879/148768 samples (19.4%)
Optimal range: [65, 75) - 3747/4453 samples (84.1%)
Optimal range: [68, 78) - 117/313 samples (37.4%)
Filtering samples:   0%|          | 0/4453 [00:00<?, ?it/s]Filtering samples:  17%|█▋        | 746/4453 [00:00<00:00, 7457.68it/s]Filtering samples:  34%|███▎      | 1492/4453 [00:00<00:00, 7455.58it/s]Filtering samples:  50%|█████     | 2240/4453 [00:00<00:00, 7462.90it/s]Filtering samples:  67%|██████▋   | 2987/4453 [00:00<00:00, 7455.69it/s]Filtering samples:  84%|████████▍ | 3733/4453 [00:00<00:00, 7449.27it/s]Filtering samples: 100%|██████████| 4453/4453 [00:00<00:00, 7450.50it/s]
Min length: 62 	 Max length: 78
Length distribution: Counter({69: 540, 70: 497, 68: 453, 71: 433, 67: 432, 72: 358, 66: 319, 73: 287, 74: 219, 65: 209, 75: 142, 64: 116, 76: 111, 77: 88, 63: 66, 78: 62, 79: 32, 80: 19, 62: 17, 81: 17, 82: 12, 83: 8, 84: 8, 61: 5, 85: 2, 60: 1})
Filtered samples: 4287/4453
Analyzing attention for 4287 prompts
0it [00:00, ?it/s]1it [00:02,  2.56s/it]1it [00:04,  4.45s/it]
Traceback (most recent call last):
  File "<frozen runpy>", line 198, in _run_module_as_main
  File "<frozen runpy>", line 88, in _run_code
  File "/home/users/ntu/maheep00/safetynet/src/analysis/attn_analysis.py", line 118, in <module>
    results = saving_attn(model_name=args.model,  
              ^^^^^^^^^^^^^^^^^^^^^^^^^^^^^^^^^^
  File "/home/users/ntu/maheep00/safetynet/src/analysis/attn_analysis.py", line 83, in saving_attn
    qk_results = inference.forward_with_hooks(inputs, hook_manager)
                 ^^^^^^^^^^^^^^^^^^^^^^^^^^^^^^^^^^^^^^^^^^^^^^^^^^
  File "/home/users/ntu/maheep00/safetynet/src/analysis/attn_analysis.py", line 37, in forward_with_hooks
    outputs = self.manager.peft_model(**inputs)
              ^^^^^^^^^^^^^^^^^^^^^^^^^^^^^^^^^
  File "/home/users/ntu/maheep00/miniconda3/envs/safebymi/lib/python3.11/site-packages/torch/nn/modules/module.py", line 1751, in _wrapped_call_impl
    return self._call_impl(*args, **kwargs)
           ^^^^^^^^^^^^^^^^^^^^^^^^^^^^^^^^
  File "/home/users/ntu/maheep00/miniconda3/envs/safebymi/lib/python3.11/site-packages/torch/nn/modules/module.py", line 1762, in _call_impl
    return forward_call(*args, **kwargs)
           ^^^^^^^^^^^^^^^^^^^^^^^^^^^^^
  File "/home/users/ntu/maheep00/miniconda3/envs/safebymi/lib/python3.11/site-packages/peft/peft_model.py", line 1850, in forward
    return self.base_model(
           ^^^^^^^^^^^^^^^^
  File "/home/users/ntu/maheep00/miniconda3/envs/safebymi/lib/python3.11/site-packages/torch/nn/modules/module.py", line 1751, in _wrapped_call_impl
    return self._call_impl(*args, **kwargs)
           ^^^^^^^^^^^^^^^^^^^^^^^^^^^^^^^^
  File "/home/users/ntu/maheep00/miniconda3/envs/safebymi/lib/python3.11/site-packages/torch/nn/modules/module.py", line 1762, in _call_impl
    return forward_call(*args, **kwargs)
           ^^^^^^^^^^^^^^^^^^^^^^^^^^^^^
  File "/home/users/ntu/maheep00/miniconda3/envs/safebymi/lib/python3.11/site-packages/peft/tuners/tuners_utils.py", line 222, in forward
    return self.model.forward(*args, **kwargs)
           ^^^^^^^^^^^^^^^^^^^^^^^^^^^^^^^^^^^
  File "/home/users/ntu/maheep00/miniconda3/envs/safebymi/lib/python3.11/site-packages/transformers/utils/generic.py", line 959, in wrapper
    output = func(self, *args, **kwargs)
             ^^^^^^^^^^^^^^^^^^^^^^^^^^^
  File "/home/users/ntu/maheep00/miniconda3/envs/safebymi/lib/python3.11/site-packages/transformers/models/gemma/modeling_gemma.py", line 476, in forward
    logits = self.lm_head(hidden_states[:, slice_indices, :])
             ^^^^^^^^^^^^^^^^^^^^^^^^^^^^^^^^^^^^^^^^^^^^^^^^
  File "/home/users/ntu/maheep00/miniconda3/envs/safebymi/lib/python3.11/site-packages/torch/nn/modules/module.py", line 1751, in _wrapped_call_impl
    return self._call_impl(*args, **kwargs)
           ^^^^^^^^^^^^^^^^^^^^^^^^^^^^^^^^
  File "/home/users/ntu/maheep00/miniconda3/envs/safebymi/lib/python3.11/site-packages/torch/nn/modules/module.py", line 1762, in _call_impl
    return forward_call(*args, **kwargs)
           ^^^^^^^^^^^^^^^^^^^^^^^^^^^^^
  File "/home/users/ntu/maheep00/miniconda3/envs/safebymi/lib/python3.11/site-packages/torch/nn/modules/linear.py", line 125, in forward
    return F.linear(input, self.weight, self.bias)
           ^^^^^^^^^^^^^^^^^^^^^^^^^^^^^^^^^^^^^^^
torch.OutOfMemoryError: CUDA out of memory. Tried to allocate 1.86 GiB. GPU 0 has a total capacity of 39.56 GiB of which 915.75 MiB is free. Including non-PyTorch memory, this process has 38.66 GiB memory in use. Of the allocated memory 35.87 GiB is allocated by PyTorch, and 2.31 GiB is reserved by PyTorch but unallocated. If reserved but unallocated memory is large try setting PYTORCH_CUDA_ALLOC_CONF=expandable_segments:True to avoid fragmentation.  See documentation for Memory Management  (https://pytorch.org/docs/stable/notes/cuda.html#environment-variables)
Processing batch 1/172
PeftModelForCausalLM(
  (base_model): LoraModel(
    (model): GemmaForCausalLM(
      (model): GemmaModel(
        (embed_tokens): Embedding(256000, 3072, padding_idx=0)
        (layers): ModuleList(
          (0-27): 28 x GemmaDecoderLayer(
            (self_attn): GemmaAttention(
              (q_proj): lora.Linear(
                (base_layer): Linear(in_features=3072, out_features=4096, bias=False)
                (lora_dropout): ModuleDict(
                  (default): Dropout(p=0.1, inplace=False)
                )
                (lora_A): ModuleDict(
                  (default): Linear(in_features=3072, out_features=16, bias=False)
                )
                (lora_B): ModuleDict(
                  (default): Linear(in_features=16, out_features=4096, bias=False)
                )
                (lora_embedding_A): ParameterDict()
                (lora_embedding_B): ParameterDict()
                (lora_magnitude_vector): ModuleDict()
              )
              (k_proj): lora.Linear(
                (base_layer): Linear(in_features=3072, out_features=4096, bias=False)
                (lora_dropout): ModuleDict(
                  (default): Dropout(p=0.1, inplace=False)
                )
                (lora_A): ModuleDict(
                  (default): Linear(in_features=3072, out_features=16, bias=False)
                )
                (lora_B): ModuleDict(
                  (default): Linear(in_features=16, out_features=4096, bias=False)
                )
                (lora_embedding_A): ParameterDict()
                (lora_embedding_B): ParameterDict()
                (lora_magnitude_vector): ModuleDict()
              )
              (v_proj): lora.Linear(
                (base_layer): Linear(in_features=3072, out_features=4096, bias=False)
                (lora_dropout): ModuleDict(
                  (default): Dropout(p=0.1, inplace=False)
                )
                (lora_A): ModuleDict(
                  (default): Linear(in_features=3072, out_features=16, bias=False)
                )
                (lora_B): ModuleDict(
                  (default): Linear(in_features=16, out_features=4096, bias=False)
                )
                (lora_embedding_A): ParameterDict()
                (lora_embedding_B): ParameterDict()
                (lora_magnitude_vector): ModuleDict()
              )
              (o_proj): lora.Linear(
                (base_layer): Linear(in_features=4096, out_features=3072, bias=False)
                (lora_dropout): ModuleDict(
                  (default): Dropout(p=0.1, inplace=False)
                )
                (lora_A): ModuleDict(
                  (default): Linear(in_features=4096, out_features=16, bias=False)
                )
                (lora_B): ModuleDict(
                  (default): Linear(in_features=16, out_features=3072, bias=False)
                )
                (lora_embedding_A): ParameterDict()
                (lora_embedding_B): ParameterDict()
                (lora_magnitude_vector): ModuleDict()
              )
            )
            (mlp): GemmaMLP(
              (gate_proj): lora.Linear(
                (base_layer): Linear(in_features=3072, out_features=24576, bias=False)
                (lora_dropout): ModuleDict(
                  (default): Dropout(p=0.1, inplace=False)
                )
                (lora_A): ModuleDict(
                  (default): Linear(in_features=3072, out_features=16, bias=False)
                )
                (lora_B): ModuleDict(
                  (default): Linear(in_features=16, out_features=24576, bias=False)
                )
                (lora_embedding_A): ParameterDict()
                (lora_embedding_B): ParameterDict()
                (lora_magnitude_vector): ModuleDict()
              )
              (up_proj): lora.Linear(
                (base_layer): Linear(in_features=3072, out_features=24576, bias=False)
                (lora_dropout): ModuleDict(
                  (default): Dropout(p=0.1, inplace=False)
                )
                (lora_A): ModuleDict(
                  (default): Linear(in_features=3072, out_features=16, bias=False)
                )
                (lora_B): ModuleDict(
                  (default): Linear(in_features=16, out_features=24576, bias=False)
                )
                (lora_embedding_A): ParameterDict()
                (lora_embedding_B): ParameterDict()
                (lora_magnitude_vector): ModuleDict()
              )
              (down_proj): lora.Linear(
                (base_layer): Linear(in_features=24576, out_features=3072, bias=False)
                (lora_dropout): ModuleDict(
                  (default): Dropout(p=0.1, inplace=False)
                )
                (lora_A): ModuleDict(
                  (default): Linear(in_features=24576, out_features=16, bias=False)
                )
                (lora_B): ModuleDict(
                  (default): Linear(in_features=16, out_features=3072, bias=False)
                )
                (lora_embedding_A): ParameterDict()
                (lora_embedding_B): ParameterDict()
                (lora_magnitude_vector): ModuleDict()
              )
              (act_fn): GELUActivation()
            )
            (input_layernorm): GemmaRMSNorm((3072,), eps=1e-06)
            (post_attention_layernorm): GemmaRMSNorm((3072,), eps=1e-06)
          )
        )
        (norm): GemmaRMSNorm((3072,), eps=1e-06)
        (rotary_emb): GemmaRotaryEmbedding()
      )
      (lm_head): Linear(in_features=3072, out_features=256000, bias=False)
    )
  )
)
Processing batch 2/172
PeftModelForCausalLM(
  (base_model): LoraModel(
    (model): GemmaForCausalLM(
      (model): GemmaModel(
        (embed_tokens): Embedding(256000, 3072, padding_idx=0)
        (layers): ModuleList(
          (0-27): 28 x GemmaDecoderLayer(
            (self_attn): GemmaAttention(
              (q_proj): lora.Linear(
                (base_layer): Linear(in_features=3072, out_features=4096, bias=False)
                (lora_dropout): ModuleDict(
                  (default): Dropout(p=0.1, inplace=False)
                )
                (lora_A): ModuleDict(
                  (default): Linear(in_features=3072, out_features=16, bias=False)
                )
                (lora_B): ModuleDict(
                  (default): Linear(in_features=16, out_features=4096, bias=False)
                )
                (lora_embedding_A): ParameterDict()
                (lora_embedding_B): ParameterDict()
                (lora_magnitude_vector): ModuleDict()
              )
              (k_proj): lora.Linear(
                (base_layer): Linear(in_features=3072, out_features=4096, bias=False)
                (lora_dropout): ModuleDict(
                  (default): Dropout(p=0.1, inplace=False)
                )
                (lora_A): ModuleDict(
                  (default): Linear(in_features=3072, out_features=16, bias=False)
                )
                (lora_B): ModuleDict(
                  (default): Linear(in_features=16, out_features=4096, bias=False)
                )
                (lora_embedding_A): ParameterDict()
                (lora_embedding_B): ParameterDict()
                (lora_magnitude_vector): ModuleDict()
              )
              (v_proj): lora.Linear(
                (base_layer): Linear(in_features=3072, out_features=4096, bias=False)
                (lora_dropout): ModuleDict(
                  (default): Dropout(p=0.1, inplace=False)
                )
                (lora_A): ModuleDict(
                  (default): Linear(in_features=3072, out_features=16, bias=False)
                )
                (lora_B): ModuleDict(
                  (default): Linear(in_features=16, out_features=4096, bias=False)
                )
                (lora_embedding_A): ParameterDict()
                (lora_embedding_B): ParameterDict()
                (lora_magnitude_vector): ModuleDict()
              )
              (o_proj): lora.Linear(
                (base_layer): Linear(in_features=4096, out_features=3072, bias=False)
                (lora_dropout): ModuleDict(
                  (default): Dropout(p=0.1, inplace=False)
                )
                (lora_A): ModuleDict(
                  (default): Linear(in_features=4096, out_features=16, bias=False)
                )
                (lora_B): ModuleDict(
                  (default): Linear(in_features=16, out_features=3072, bias=False)
                )
                (lora_embedding_A): ParameterDict()
                (lora_embedding_B): ParameterDict()
                (lora_magnitude_vector): ModuleDict()
              )
            )
            (mlp): GemmaMLP(
              (gate_proj): lora.Linear(
                (base_layer): Linear(in_features=3072, out_features=24576, bias=False)
                (lora_dropout): ModuleDict(
                  (default): Dropout(p=0.1, inplace=False)
                )
                (lora_A): ModuleDict(
                  (default): Linear(in_features=3072, out_features=16, bias=False)
                )
                (lora_B): ModuleDict(
                  (default): Linear(in_features=16, out_features=24576, bias=False)
                )
                (lora_embedding_A): ParameterDict()
                (lora_embedding_B): ParameterDict()
                (lora_magnitude_vector): ModuleDict()
              )
              (up_proj): lora.Linear(
                (base_layer): Linear(in_features=3072, out_features=24576, bias=False)
                (lora_dropout): ModuleDict(
                  (default): Dropout(p=0.1, inplace=False)
                )
                (lora_A): ModuleDict(
                  (default): Linear(in_features=3072, out_features=16, bias=False)
                )
                (lora_B): ModuleDict(
                  (default): Linear(in_features=16, out_features=24576, bias=False)
                )
                (lora_embedding_A): ParameterDict()
                (lora_embedding_B): ParameterDict()
                (lora_magnitude_vector): ModuleDict()
              )
              (down_proj): lora.Linear(
                (base_layer): Linear(in_features=24576, out_features=3072, bias=False)
                (lora_dropout): ModuleDict(
                  (default): Dropout(p=0.1, inplace=False)
                )
                (lora_A): ModuleDict(
                  (default): Linear(in_features=24576, out_features=16, bias=False)
                )
                (lora_B): ModuleDict(
                  (default): Linear(in_features=16, out_features=3072, bias=False)
                )
                (lora_embedding_A): ParameterDict()
                (lora_embedding_B): ParameterDict()
                (lora_magnitude_vector): ModuleDict()
              )
              (act_fn): GELUActivation()
            )
            (input_layernorm): GemmaRMSNorm((3072,), eps=1e-06)
            (post_attention_layernorm): GemmaRMSNorm((3072,), eps=1e-06)
          )
        )
        (norm): GemmaRMSNorm((3072,), eps=1e-06)
        (rotary_emb): GemmaRotaryEmbedding()
      )
      (lm_head): Linear(in_features=3072, out_features=256000, bias=False)
    )
  )
)
