{'model_name': 'gemma', 'detector': 'ae', 'layer_idx': 18, 'model_type': 'obfuscated_ae'}
✅ SafetyNetConfig initialized for gemma
✅ data_path: /home/users/ntu/maheep00/safetynet/utils/data/gemma
Layer Dir: 🦠 /home/users/ntu/maheep00/scratch/safetynet/gemma/obfuscated_ae/normal/layer_18
Layer Dir: 🦠 /home/users/ntu/maheep00/scratch/safetynet/gemma/obfuscated_ae/harmful/layer_18
Normal data: torch.Size([35788, 6084]), Harmful data: torch.Size([4287, 6084])
Training on 34788 normal samples
Validation: 1000 normal, 4287 harmful samples

Training Gemma-7B-it...
  0%|          | 0/10 [00:00<?, ?it/s] 10%|█         | 1/10 [00:01<00:14,  1.60s/it] 20%|██        | 2/10 [00:03<00:12,  1.52s/it] 30%|███       | 3/10 [00:04<00:10,  1.50s/it] 40%|████      | 4/10 [00:06<00:08,  1.49s/it] 50%|█████     | 5/10 [00:07<00:07,  1.48s/it] 60%|██████    | 6/10 [00:08<00:05,  1.48s/it] 70%|███████   | 7/10 [00:10<00:04,  1.48s/it] 80%|████████  | 8/10 [00:11<00:02,  1.48s/it] 90%|█████████ | 9/10 [00:13<00:01,  1.48s/it]100%|██████████| 10/10 [00:14<00:00,  1.47s/it]100%|██████████| 10/10 [00:14<00:00,  1.49s/it]
/home/users/ntu/maheep00/safetynet/utils/safetynet/vae_ae_train.py:121: FutureWarning: You are using `torch.load` with `weights_only=False` (the current default value), which uses the default pickle module implicitly. It is possible to construct malicious pickle data which will execute arbitrary code during unpickling (See https://github.com/pytorch/pytorch/blob/main/SECURITY.md#untrusted-models for more details). In a future release, the default value for `weights_only` will be flipped to `True`. This limits the functions that could be executed during unpickling. Arbitrary objects will no longer be allowed to be loaded via this mode unless they are explicitly allowlisted by the user via `torch.serialization.add_safe_globals`. We recommend you start setting `weights_only=True` for any use case where you don't have full control of the loaded file. Please open an issue on GitHub for any issues related to this experimental feature.
  state_dict = torch.load(model_path)
Epoch 1/10, Loss: 51.5452
Epoch 2/10, Loss: 8.9790
Epoch 3/10, Loss: 7.7486
Epoch 4/10, Loss: 4.8157
Epoch 5/10, Loss: 2.9663
Epoch 6/10, Loss: 9.6378
Epoch 7/10, Loss: 17.4168
Epoch 8/10, Loss: 3.2268
Epoch 9/10, Loss: 7.9123
Epoch 10/10, Loss: 3.2013

Evaluating...
{'auroc': 1.0, 'overall_accuracy': 0.969309462915601, 'overall_precision': 0.7818181818181819, 'overall_recall': 1.0, 'overall_f1': 0.8775510204081634, 'train_accuracy': 0.9655172413793104, 'harmful_accuracy': 1.0, 'harmful_precision': 1.0, 'harmful_recall': 1.0, 'harmful_f1': 1.0, 'threshold_lower': 1550.8134101734415, 'threshold_upper': 1559.2900322093708, 'confusion_matrix_overall': array([[336,  12],
       [  0,  43]]), 'tp_overall': 43, 'fp_overall': 12, 'tn_overall': 336, 'fn_overall': 0}
