{'model_name': 'gemma', 'detector': 'vae', 'layer_idx': 18, 'model_type': 'obfuscated_sim', 'dataset': 'spylab'}
✅ Completed model config
Layer Dir: 🦠 /home/users/ntu/maheep00/scratch/safetynet/spylab/gemma/obfuscated_sim/normal/layer_18
Layer Dir: 🦠 /home/users/ntu/maheep00/scratch/safetynet/spylab/gemma/obfuscated_sim/harmful/layer_18
Normal data: torch.Size([7071, 400]), Harmful data: torch.Size([5281, 400])
Training on 6071 normal samples
Validation: 1000 normal, 5281 harmful samples

Training Gemma-7B-it...
  0%|          | 0/10 [00:00<?, ?it/s]Epoch 1/10, Loss: 1.2452
 10%|█         | 1/10 [00:00<00:07,  1.20it/s]Epoch 2/10, Loss: 1.0282
 20%|██        | 2/10 [00:01<00:05,  1.37it/s]Epoch 3/10, Loss: 1.0268
 30%|███       | 3/10 [00:02<00:04,  1.43it/s]Epoch 4/10, Loss: 1.0219
 40%|████      | 4/10 [00:02<00:04,  1.46it/s]Epoch 5/10, Loss: 1.0187
 50%|█████     | 5/10 [00:03<00:03,  1.47it/s]Epoch 6/10, Loss: 1.0186
 60%|██████    | 6/10 [00:04<00:02,  1.47it/s]Epoch 7/10, Loss: 1.0180
 70%|███████   | 7/10 [00:04<00:02,  1.48it/s]Epoch 8/10, Loss: 1.0164
 80%|████████  | 8/10 [00:05<00:01,  1.48it/s]Epoch 9/10, Loss: 1.0163
 90%|█████████ | 9/10 [00:06<00:00,  1.49it/s]Epoch 10/10, Loss: 1.0154
100%|██████████| 10/10 [00:06<00:00,  1.49it/s]100%|██████████| 10/10 [00:06<00:00,  1.46it/s]

Evaluating...
/home/users/ntu/maheep00/safetynet/utils/safetynet/vae_ae_train.py:136: FutureWarning: You are using `torch.load` with `weights_only=False` (the current default value), which uses the default pickle module implicitly. It is possible to construct malicious pickle data which will execute arbitrary code during unpickling (See https://github.com/pytorch/pytorch/blob/main/SECURITY.md#untrusted-models for more details). In a future release, the default value for `weights_only` will be flipped to `True`. This limits the functions that could be executed during unpickling. Arbitrary objects will no longer be allowed to be loaded via this mode unless they are explicitly allowlisted by the user via `torch.serialization.add_safe_globals`. We recommend you start setting `weights_only=True` for any use case where you don't have full control of the loaded file. Please open an issue on GitHub for any issues related to this experimental feature.
  state_dict = torch.load(model_path)
{'auroc': 0.8689921577762248, 'overall_accuracy': 0.734065934065934, 'overall_precision': 0.837037037037037, 'overall_recall': 0.5330188679245284, 'overall_f1': 0.6512968299711815, 'train_accuracy': 0.9094650205761317, 'harmful_accuracy': 0.5330188679245284, 'harmful_precision': 1.0, 'harmful_recall': 0.5330188679245284, 'harmful_f1': 0.6953846153846154, 'threshold_lower': 0.7195609870977341, 'threshold_upper': 1.2645463791065277, 'confusion_matrix_overall': array([[221,  22],
       [ 99, 113]]), 'tp_overall': 113, 'fp_overall': 22, 'tn_overall': 221, 'fn_overall': 99}
