{'model_name': 'gemma', 'detector': 'pca', 'layer_idx': 18, 'model_type': 'obfuscated_sim'}
✅ SafetyNetConfig initialized for gemma
✅ data_path: /home/users/ntu/maheep00/safetynet/utils/data/gemma
Layer Dir: 🦠 /home/users/ntu/maheep00/scratch/safetynet/gemma/obfuscated_sim/normal/layer_18
Layer Dir: 🦠 /home/users/ntu/maheep00/scratch/safetynet/gemma/obfuscated_sim/harmful/layer_18
Normal data: torch.Size([35788, 6084]), Harmful data: torch.Size([4287, 6084])
Training on 34788 normal samples
Validation: 1000 normal, 4287 harmful samples

Fitting PCA detector...
🚨 DETECTION RESULTS for HARMFUL DATA 🚨
==================================================
🎯 Accuracy:  0.3720
🔍 Precision: 0.9481
📊 Recall:    0.2386
⚡ F1-Score:  0.3813
==================================================

==================================================
✅ DETECTION RESULTS for NORMAL DATA ✅
==================================================
🎯 Accuracy:  0.0760
🔍 Precision: 0.9694
📊 Recall:    0.0510
⚡ F1-Score:  0.0969
==================================================
