{'model_name': 'gemma', 'model_type': 'obfuscated_sim', 'dataset': 'spylab'}
✅ Completed model config
Analyzing layers: [17, 18, 19]

Processing L17 -> L18
Processing normal L17→L18: 0it [00:00, ?it/s]Processing normal L17→L18: 0it [00:00, ?it/s]
/home/users/ntu/maheep00/miniconda3/envs/safebymi/lib/python3.11/site-packages/numpy/core/fromnumeric.py:3504: RuntimeWarning: Mean of empty slice.
  return _methods._mean(a, axis=axis, dtype=dtype,
/home/users/ntu/maheep00/miniconda3/envs/safebymi/lib/python3.11/site-packages/numpy/core/_methods.py:129: RuntimeWarning: invalid value encountered in scalar divide
  ret = ret.dtype.type(ret / rcount)
Processing harmful L17→L18: 0it [00:00, ?it/s]Processing harmful L17→L18: 0it [00:00, ?it/s]
/home/users/ntu/maheep00/safetynet/utils/crow.py:182: RuntimeWarning: Mean of empty slice.
  self.positive_threshold = train_distances.mean() + self.threshold_scale * train_distances.std()
/home/users/ntu/maheep00/miniconda3/envs/safebymi/lib/python3.11/site-packages/numpy/core/_methods.py:206: RuntimeWarning: Degrees of freedom <= 0 for slice
  ret = _var(a, axis=axis, dtype=dtype, out=out, ddof=ddof,
/home/users/ntu/maheep00/miniconda3/envs/safebymi/lib/python3.11/site-packages/numpy/core/_methods.py:163: RuntimeWarning: invalid value encountered in divide
  arrmean = um.true_divide(arrmean, div, out=arrmean,
/home/users/ntu/maheep00/miniconda3/envs/safebymi/lib/python3.11/site-packages/numpy/core/_methods.py:198: RuntimeWarning: invalid value encountered in scalar divide
  ret = ret.dtype.type(ret / rcount)
/home/users/ntu/maheep00/safetynet/utils/crow.py:183: RuntimeWarning: Mean of empty slice.
  self.negative_threshold = train_distances.mean() - self.threshold_scale * train_distances.std()
/home/users/ntu/maheep00/safetynet/utils/crow.py:196: RuntimeWarning: Mean of empty slice.
  accuracy = (pred_labels == true_labels).mean()
/home/users/ntu/maheep00/miniconda3/envs/safebymi/lib/python3.11/site-packages/numpy/lib/function_base.py:520: RuntimeWarning: Mean of empty slice.
  avg = a.mean(axis, **keepdims_kw)
/home/users/ntu/maheep00/miniconda3/envs/safebymi/lib/python3.11/site-packages/numpy/core/_methods.py:129: RuntimeWarning: invalid value encountered in scalar divide
  ret = ret.dtype.type(ret / rcount)
/home/users/ntu/maheep00/miniconda3/envs/safebymi/lib/python3.11/site-packages/sklearn/metrics/_classification.py:1731: UndefinedMetricWarning: Precision is ill-defined and being set to 0.0 due to no predicted samples. Use `zero_division` parameter to control this behavior.
  _warn_prf(average, modifier, f"{metric.capitalize()} is", result.shape[0])
/home/users/ntu/maheep00/miniconda3/envs/safebymi/lib/python3.11/site-packages/sklearn/metrics/_classification.py:1731: UndefinedMetricWarning: Recall is ill-defined and being set to 0.0 due to no true samples. Use `zero_division` parameter to control this behavior.
  _warn_prf(average, modifier, f"{metric.capitalize()} is", result.shape[0])
/home/users/ntu/maheep00/miniconda3/envs/safebymi/lib/python3.11/site-packages/sklearn/metrics/_classification.py:1731: UndefinedMetricWarning: F-score is ill-defined and being set to 0.0 due to no true nor predicted samples. Use `zero_division` parameter to control this behavior.
  _warn_prf(average, modifier, f"{metric.capitalize()} is", result.shape[0])
/home/users/ntu/maheep00/miniconda3/envs/safebymi/lib/python3.11/site-packages/numpy/lib/function_base.py:520: RuntimeWarning: Mean of empty slice.
  avg = a.mean(axis, **keepdims_kw)
/home/users/ntu/maheep00/miniconda3/envs/safebymi/lib/python3.11/site-packages/numpy/core/_methods.py:129: RuntimeWarning: invalid value encountered in scalar divide
  ret = ret.dtype.type(ret / rcount)
==================================================
🚨 DETECTION RESULTS for HARMFUL DATA of Layer 17 and 18 🚨
==================================================
🎯 Accuracy:  nan
🔍 Precision: 0.0000
📊 Recall:    0.0000
⚡ F1-Score:  0.0000
==================================================

==================================================
✅ DETECTION RESULTS for NORMAL DATA of Layer 17 and 18 ✅
==================================================
🎯 Accuracy:  nan
🔍 Precision: 0.0000
📊 Recall:    0.0000
⚡ F1-Score:  0.0000
==================================================

Processing L18 -> L19
Processing normal L18→L19: 0it [00:00, ?it/s]Processing normal L18→L19: 0it [00:00, ?it/s]
/home/users/ntu/maheep00/miniconda3/envs/safebymi/lib/python3.11/site-packages/numpy/core/fromnumeric.py:3504: RuntimeWarning: Mean of empty slice.
  return _methods._mean(a, axis=axis, dtype=dtype,
/home/users/ntu/maheep00/miniconda3/envs/safebymi/lib/python3.11/site-packages/numpy/core/_methods.py:129: RuntimeWarning: invalid value encountered in scalar divide
  ret = ret.dtype.type(ret / rcount)
Processing harmful L18→L19: 0it [00:00, ?it/s]Processing harmful L18→L19: 0it [00:00, ?it/s]
/home/users/ntu/maheep00/safetynet/utils/crow.py:182: RuntimeWarning: Mean of empty slice.
  self.positive_threshold = train_distances.mean() + self.threshold_scale * train_distances.std()
/home/users/ntu/maheep00/miniconda3/envs/safebymi/lib/python3.11/site-packages/numpy/core/_methods.py:206: RuntimeWarning: Degrees of freedom <= 0 for slice
  ret = _var(a, axis=axis, dtype=dtype, out=out, ddof=ddof,
/home/users/ntu/maheep00/miniconda3/envs/safebymi/lib/python3.11/site-packages/numpy/core/_methods.py:163: RuntimeWarning: invalid value encountered in divide
  arrmean = um.true_divide(arrmean, div, out=arrmean,
/home/users/ntu/maheep00/miniconda3/envs/safebymi/lib/python3.11/site-packages/numpy/core/_methods.py:198: RuntimeWarning: invalid value encountered in scalar divide
  ret = ret.dtype.type(ret / rcount)
/home/users/ntu/maheep00/safetynet/utils/crow.py:183: RuntimeWarning: Mean of empty slice.
  self.negative_threshold = train_distances.mean() - self.threshold_scale * train_distances.std()
/home/users/ntu/maheep00/safetynet/utils/crow.py:196: RuntimeWarning: Mean of empty slice.
  accuracy = (pred_labels == true_labels).mean()
/home/users/ntu/maheep00/miniconda3/envs/safebymi/lib/python3.11/site-packages/numpy/lib/function_base.py:520: RuntimeWarning: Mean of empty slice.
  avg = a.mean(axis, **keepdims_kw)
/home/users/ntu/maheep00/miniconda3/envs/safebymi/lib/python3.11/site-packages/numpy/core/_methods.py:129: RuntimeWarning: invalid value encountered in scalar divide
  ret = ret.dtype.type(ret / rcount)
/home/users/ntu/maheep00/miniconda3/envs/safebymi/lib/python3.11/site-packages/sklearn/metrics/_classification.py:1731: UndefinedMetricWarning: Precision is ill-defined and being set to 0.0 due to no predicted samples. Use `zero_division` parameter to control this behavior.
  _warn_prf(average, modifier, f"{metric.capitalize()} is", result.shape[0])
/home/users/ntu/maheep00/miniconda3/envs/safebymi/lib/python3.11/site-packages/sklearn/metrics/_classification.py:1731: UndefinedMetricWarning: Recall is ill-defined and being set to 0.0 due to no true samples. Use `zero_division` parameter to control this behavior.
  _warn_prf(average, modifier, f"{metric.capitalize()} is", result.shape[0])
/home/users/ntu/maheep00/miniconda3/envs/safebymi/lib/python3.11/site-packages/sklearn/metrics/_classification.py:1731: UndefinedMetricWarning: F-score is ill-defined and being set to 0.0 due to no true nor predicted samples. Use `zero_division` parameter to control this behavior.
  _warn_prf(average, modifier, f"{metric.capitalize()} is", result.shape[0])
/home/users/ntu/maheep00/miniconda3/envs/safebymi/lib/python3.11/site-packages/numpy/lib/function_base.py:520: RuntimeWarning: Mean of empty slice.
  avg = a.mean(axis, **keepdims_kw)
/home/users/ntu/maheep00/miniconda3/envs/safebymi/lib/python3.11/site-packages/numpy/core/_methods.py:129: RuntimeWarning: invalid value encountered in scalar divide
  ret = ret.dtype.type(ret / rcount)
==================================================
🚨 DETECTION RESULTS for HARMFUL DATA of Layer 18 and 19 🚨
==================================================
🎯 Accuracy:  nan
🔍 Precision: 0.0000
📊 Recall:    0.0000
⚡ F1-Score:  0.0000
==================================================

==================================================
✅ DETECTION RESULTS for NORMAL DATA of Layer 18 and 19 ✅
==================================================
🎯 Accuracy:  nan
🔍 Precision: 0.0000
📊 Recall:    0.0000
⚡ F1-Score:  0.0000
==================================================
