✅ SafetyNetConfig initialized for gemma
✅ data_path: /home/users/ntu/maheep00/safetynet/utils/data/gemma
Normal data: torch.Size([35788, 6084]), Harmful data: torch.Size([4287, 6084])
Training on 34788 normal samples
Validation: 1000 normal, 4287 harmful samples

Fitting PCA detector...
Detection threshold: 70.8185
🚨 DETECTION RESULTS for HARMFUL DATA 🚨
==================================================
🎯 Accuracy:  0.8273
🔍 Precision: 0.9373
📊 Recall:    0.8435
⚡ F1-Score:  0.8879
==================================================

==================================================
✅ DETECTION RESULTS for NORMAL DATA ✅
==================================================
🎯 Accuracy:  0.5000
🔍 Precision: 0.5000
📊 Recall:    0.2420
⚡ F1-Score:  0.3261
==================================================
